.\gradlew : WARNING: A 
restricted method in 
java.lang.System has been 
called
At line:1 char:1
+ .\gradlew clean build 
--warning-mode all 2>&1 | 
Out-File -FilePath "b ...
+ ~~~~~~~~~~~~~~~~~~~~~~~~
~~~~~~~~~~~~~~~~~~~~~
    + CategoryInfo        
      : NotSpecified: (W  
  ARNING: A rest...has    
 been called:String) [    
], RemoteException
    + FullyQualifiedError 
   Id : NativeCommandErr  
  or
 
WARNING: 
java.lang.System::load 
has been called by net.rub
ygrapefruit.platform.inter
nal.NativeLibraryLoader 
in an unnamed module (file
:/C:/Users/vip13/.gradle/w
rapper/dists/gradle-8.11.1
-bin/bpt9gzteqjrbo1mjrsomd
t32c/gradle-8.11.1/lib/nat
ive-platform-0.22-mileston
e-26.jar)
WARNING: Use --enable-nati
ve-access=ALL-UNNAMED to 
avoid a warning for 
callers in this module
WARNING: Restricted 
methods will be blocked 
in a future release 
unless native access is 
enabled

WARNING: We recommend using a newer Android Gradle plugin to use compileSdk = 35

This Android Gradle plugin (8.5.1) was tested up to compileSdk = 34.

You are strongly encouraged to update your project to use a newer
Android Gradle plugin that has been tested with compileSdk = 35.

If you are already using the latest version of the Android Gradle plugin,
you may need to wait until a newer version with support for compileSdk = 35 is available.

For more information refer to the compatibility table:
https://d.android.com/r/tools/api-level-support

To suppress this warning, add/update
    android.suppressUnsupportedCompileSdk=35
to this project's gradle.properties.

FAILURE: Build failed 
with an exception.

* What went wrong:
Could not determine the 
dependencies of task 
':app:test'.
> Could not create task ':
app:testReleaseUnitTest'.
   > Could not create 
task of type 
'AndroidUnitTest'.
      > Could not create 
an instance of type org.gr
adle.api.internal.tasks.te
sting.DefaultTestTaskRepor
ts.
         > Could not 
create an instance of 
type org.gradle.api.report
ing.internal.DefaultReport
Container.
            > Type T not 
present

* Try:
> Run with --stacktrace 
option to get the stack 
trace.
> Run with --info or 
--debug option to get 
more log output.
> Run with --scan to get 
full insights.
> Get more help at 
https://help.gradle.org.

BUILD FAILED in 2s
